// Jest Snapshot v1, https://goo.gl/fbAQLP

exports[`OurServices Component should match the snapshot 1`] = `
<DocumentFragment>
  <section
    class="services"
  >
    <div
      class="services__title"
    >
      <h2
        class="subtitle looking-services"
        id="services-subtitle"
      >
        Serviços
      </h2>
    </div>
    <div
      class="services__subtitle"
    >
      <h3
        class="title-services looking-services"
        id="services-title"
      >
        Sobre os nossos serviços
      </h3>
    </div>
    <div
      class="services__container looking-services"
      id="services-container"
    >
      <div
        class="kindOfServices-container"
      >
        <div
          class="kindOfServices-container__image"
        >
          <img
            class="kindOfServices-container__image__element"
            src="mocked-easeToBuy-image"
          />
        </div>
        <div
          class="kindOfServices-container__subheading"
        >
          <h4
            class="kindOfServices-container__subheading__element"
          >
            Fácil de pedir
          </h4>
        </div>
        <div
          class="kindOfServices-container__description"
        >
          <p
            class="paragraph "
            style="font-size: 20px;"
          >
            Peça sua sobremesa em segundos, sem complicação.
          </p>
        </div>
      </div>
      <div
        class="kindOfServices-container"
      >
        <div
          class="kindOfServices-container__image"
        >
          <img
            class="kindOfServices-container__image__element"
            src="mocked-delivery-image"
          />
        </div>
        <div
          class="kindOfServices-container__subheading"
        >
          <h4
            class="kindOfServices-container__subheading__element"
          >
            Entrega rápida
          </h4>
        </div>
        <div
          class="kindOfServices-container__description"
        >
          <p
            class="paragraph "
            style="font-size: 20px;"
          >
            Receba suas delícias com agilidade e segurança.
          </p>
        </div>
      </div>
      <div
        class="kindOfServices-container"
      >
        <div
          class="kindOfServices-container__image"
        >
          <img
            class="kindOfServices-container__image__element"
            src="mocked-quality-image"
          />
        </div>
        <div
          class="kindOfServices-container__subheading"
        >
          <h4
            class="kindOfServices-container__subheading__element"
          >
            Melhor qualidade
          </h4>
        </div>
        <div
          class="kindOfServices-container__description"
        >
          <p
            class="paragraph "
            style="font-size: 20px;"
          >
            Sabores premium feitos com os melhores ingredientes.
          </p>
        </div>
      </div>
    </div>
  </section>
</DocumentFragment>
`;
