// Jest Snapshot v1, https://goo.gl/fbAQLP

exports[`Title Component renders the correct text and matches snapshot 1`] = `
<DocumentFragment>
  <div
    class=""
  >
    <h1
      class="main-screen__container__texts__title"
    >
      Escolha sua sobremesa
    </h1>
    <span
      class="main-screen__container__texts__emphasis"
    >
      favorita.
    </span>
  </div>
</DocumentFragment>
`;
