// Jest Snapshot v1, https://goo.gl/fbAQLP

exports[`Title Component renders the correct text and matches snapshot 1`] = `
<DocumentFragment>
  <h1
    class="main-screen__container__texts__title"
  >
    Escolha sua sobremesa
    <span
      class="main-screen__container__texts__title__emphasis"
    >
      favorita
    </span>
  </h1>
</DocumentFragment>
`;
